[2026-04-05 18:11:13]  === 检查与初始化完成 ===
[2026-04-05 18:11:13]  当前分支: New-Data-Structure (upstream: origin/New-Data-Structure)
[2026-04-05 18:11:13]  检测文件数: 64
[2026-04-05 18:11:13]  通过: 49，失败: 15，写入更新: 64
[2026-04-05 18:11:13]  
[2026-04-05 18:11:13]  文件: /opt/dn42/geo-ip-dn42/dn42-geoip/data/ipv4/10.127.204.48_28.toml
[2026-04-05 18:11:13]    [OK] [Version] 检查通过，已更新 update_time，保留 create_time=2026-03-28T17:47:58Z
[2026-04-05 18:11:13]    [OK] 文件名网段检查通过: 10.127.204.48/28
[2026-04-05 18:11:13]    [OK] 校验完成: 通过
[2026-04-05 18:11:13]    [RESULT] 成功
[2026-04-05 18:11:13]  
[2026-04-05 18:11:13]  文件: /opt/dn42/geo-ip-dn42/dn42-geoip/data/ipv4/172.20.143.16_28.toml
[2026-04-05 18:11:13]    [OK] [Version] 检查通过，已更新 update_time，保留 create_time=2026-03-28T17:47:58Z
[2026-04-05 18:11:13]    [OK] 文件名网段检查通过: 172.20.143.16/28
[2026-04-05 18:11:13]    [OK] 校验完成: 通过
[2026-04-05 18:11:13]    [RESULT] 成功
[2026-04-05 18:11:13]  
[2026-04-05 18:11:13]  文件: /opt/dn42/geo-ip-dn42/dn42-geoip/data/ipv4/172.20.143.32_27.toml
[2026-04-05 18:11:13]    [OK] [Version] 检查通过，已更新 update_time，保留 create_time=2026-03-28T17:47:58Z
[2026-04-05 18:11:13]    [OK] 文件名网段检查通过: 172.20.143.32/27
[2026-04-05 18:11:13]    [OK] 校验完成: 通过
[2026-04-05 18:11:13]    [RESULT] 成功
[2026-04-05 18:11:13]  
[2026-04-05 18:11:13]  文件: /opt/dn42/geo-ip-dn42/dn42-geoip/data/ipv4/172.20.145.0_28.toml
[2026-04-05 18:11:13]    [OK] [Version] 检查通过，已更新 update_time，保留 create_time=2026-03-28T17:47:58Z
[2026-04-05 18:11:13]    [OK] 文件名网段检查通过: 172.20.145.0/28
[2026-04-05 18:11:13]    [OK] 校验完成: 通过
[2026-04-05 18:11:13]    [RESULT] 成功
[2026-04-05 18:11:13]  
[2026-04-05 18:11:13]  文件: /opt/dn42/geo-ip-dn42/dn42-geoip/data/ipv4/172.20.154.224_27.toml
[2026-04-05 18:11:13]    [OK] [Version] 检查通过，已更新 update_time，保留 create_time=2026-03-28T17:47:58Z
[2026-04-05 18:11:13]    [OK] 文件名网段检查通过: 172.20.154.224/27
[2026-04-05 18:11:13]    [OK] 校验完成: 通过
[2026-04-05 18:11:13]    [RESULT] 成功
[2026-04-05 18:11:13]  
[2026-04-05 18:11:13]  文件: /opt/dn42/geo-ip-dn42/dn42-geoip/data/ipv4/172.20.159.0_28.toml
[2026-04-05 18:11:13]    [OK] [Version] 检查通过，已更新 update_time，保留 create_time=2026-03-28T17:47:58Z
[2026-04-05 18:11:13]    [OK] 文件名网段检查通过: 172.20.159.0/28
[2026-04-05 18:11:13]    [OK] [[GeoData]]#6 (172.20.159.14/32) anycast=true，已跳过非 CIDR 检查
[2026-04-05 18:11:13]    [OK] [[GeoData]]#6 (172.20.159.14/32) anycast=true，已跳过 geoname 关系校验
[2026-04-05 18:11:13]    [OK] 校验完成: 通过
[2026-04-05 18:11:13]    [RESULT] 成功
[2026-04-05 18:11:13]  
[2026-04-05 18:11:13]  文件: /opt/dn42/geo-ip-dn42/dn42-geoip/data/ipv4/172.20.159.128_27.toml
[2026-04-05 18:11:13]    [OK] [Version] 检查通过，已更新 update_time，保留 create_time=2026-03-28T20:08:10Z
[2026-04-05 18:11:13]    [OK] 文件名网段检查通过: 172.20.159.128/27
[2026-04-05 18:11:13]    [OK] 校验完成: 通过
[2026-04-05 18:11:13]    [RESULT] 成功
[2026-04-05 18:11:13]  
[2026-04-05 18:11:13]  文件: /opt/dn42/geo-ip-dn42/dn42-geoip/data/ipv4/172.20.165.8_29.toml
[2026-04-05 18:11:13]    [OK] [Version] 检查通过，已更新 update_time，保留 create_time=2026-03-28T17:47:58Z
[2026-04-05 18:11:13]    [OK] 文件名网段检查通过: 172.20.165.8/29
[2026-04-05 18:11:13]    [ERR] 缺少 [[GeoData]] 数组
[2026-04-05 18:11:13]    [RESULT] 失败
[2026-04-05 18:11:13]  
[2026-04-05 18:11:13]  文件: /opt/dn42/geo-ip-dn42/dn42-geoip/data/ipv4/172.20.18.240_28.toml
[2026-04-05 18:11:13]    [OK] [Version] 检查通过，已更新 update_time，保留 create_time=2026-03-28T17:47:58Z
[2026-04-05 18:11:13]    [OK] 文件名网段检查通过: 172.20.18.240/28
[2026-04-05 18:11:13]    [ERR] 缺少 [[GeoData]] 数组
[2026-04-05 18:11:13]    [RESULT] 失败
[2026-04-05 18:11:13]  
[2026-04-05 18:11:13]  文件: /opt/dn42/geo-ip-dn42/dn42-geoip/data/ipv4/172.20.209.64_26.toml
[2026-04-05 18:11:13]    [OK] [Version] 检查通过，已更新 update_time，保留 create_time=2026-03-28T20:07:09Z
[2026-04-05 18:11:13]    [OK] 文件名网段检查通过: 172.20.209.64/26
[2026-04-05 18:11:13]    [OK] 校验完成: 通过
[2026-04-05 18:11:13]    [RESULT] 成功
[2026-04-05 18:11:13]  
[2026-04-05 18:11:13]  文件: /opt/dn42/geo-ip-dn42/dn42-geoip/data/ipv4/172.20.21.128_27.toml
[2026-04-05 18:11:13]    [OK] [Version] 检查通过，已更新 update_time，保留 create_time=2026-03-28T17:47:58Z
[2026-04-05 18:11:13]    [OK] 文件名网段检查通过: 172.20.21.128/27
[2026-04-05 18:11:13]    [OK] 校验完成: 通过
[2026-04-05 18:11:13]    [RESULT] 成功
[2026-04-05 18:11:13]  
[2026-04-05 18:11:13]  文件: /opt/dn42/geo-ip-dn42/dn42-geoip/data/ipv4/172.20.210.192_26.toml
[2026-04-05 18:11:13]    [OK] [Version] 检查通过，已更新 update_time，保留 create_time=2026-03-28T17:47:58Z
[2026-04-05 18:11:13]    [OK] 文件名网段检查通过: 172.20.210.192/26
[2026-04-05 18:11:13]    [ERR] 缺少 [[GeoData]] 数组
[2026-04-05 18:11:13]    [RESULT] 失败
[2026-04-05 18:11:13]  
[2026-04-05 18:11:13]  文件: /opt/dn42/geo-ip-dn42/dn42-geoip/data/ipv4/172.20.234.224_28.toml
[2026-04-05 18:11:13]    [OK] [Version] 检查通过，已更新 update_time，保留 create_time=2026-03-28T17:47:58Z
[2026-04-05 18:11:13]    [OK] 文件名网段检查通过: 172.20.234.224/28
[2026-04-05 18:11:13]    [OK] 校验完成: 通过
[2026-04-05 18:11:13]    [RESULT] 成功
[2026-04-05 18:11:13]  
[2026-04-05 18:11:13]  文件: /opt/dn42/geo-ip-dn42/dn42-geoip/data/ipv4/172.20.54.48_29.toml
[2026-04-05 18:11:13]    [OK] [Version] 检查通过，已更新 update_time，保留 create_time=2026-03-28T17:47:58Z
[2026-04-05 18:11:13]    [OK] 文件名网段检查通过: 172.20.54.48/29
[2026-04-05 18:11:13]    [ERR] 缺少 [[GeoData]] 数组
[2026-04-05 18:11:13]    [RESULT] 失败
[2026-04-05 18:11:13]  
[2026-04-05 18:11:13]  文件: /opt/dn42/geo-ip-dn42/dn42-geoip/data/ipv4/172.20.54.56_29.toml
[2026-04-05 18:11:13]    [OK] [Version] 检查通过，已更新 update_time，保留 create_time=2026-03-28T17:47:58Z
[2026-04-05 18:11:13]    [OK] 文件名网段检查通过: 172.20.54.56/29
[2026-04-05 18:11:13]    [OK] 校验完成: 通过
[2026-04-05 18:11:13]    [RESULT] 成功
[2026-04-05 18:11:13]  
[2026-04-05 18:11:13]  文件: /opt/dn42/geo-ip-dn42/dn42-geoip/data/ipv4/172.21.100.128_25.toml
[2026-04-05 18:11:13]    [OK] [Version] 检查通过，已更新 update_time，保留 create_time=2026-03-28T17:47:58Z
[2026-04-05 18:11:13]    [OK] 文件名网段检查通过: 172.21.100.128/25
[2026-04-05 18:11:13]    [OK] 校验完成: 通过
[2026-04-05 18:11:13]    [RESULT] 成功
[2026-04-05 18:11:13]  
[2026-04-05 18:11:13]  文件: /opt/dn42/geo-ip-dn42/dn42-geoip/data/ipv4/172.21.100.16_29.toml
[2026-04-05 18:11:13]    [OK] [Version] 检查通过，已更新 update_time，保留 create_time=2026-03-28T17:47:58Z
[2026-04-05 18:11:13]    [OK] 文件名网段检查通过: 172.21.100.16/29
[2026-04-05 18:11:13]    [OK] 校验完成: 通过
[2026-04-05 18:11:13]    [RESULT] 成功
[2026-04-05 18:11:13]  
[2026-04-05 18:11:13]  文件: /opt/dn42/geo-ip-dn42/dn42-geoip/data/ipv4/172.21.66.0_27.toml
[2026-04-05 18:11:13]    [OK] [Version] 检查通过，已更新 update_time，保留 create_time=2026-03-28T17:47:58Z
[2026-04-05 18:11:13]    [OK] 文件名网段检查通过: 172.21.66.0/27
[2026-04-05 18:11:13]    [OK] 校验完成: 通过
[2026-04-05 18:11:13]    [RESULT] 成功
[2026-04-05 18:11:13]  
[2026-04-05 18:11:13]  文件: /opt/dn42/geo-ip-dn42/dn42-geoip/data/ipv4/172.21.85.64_27.toml
[2026-04-05 18:11:13]    [OK] [Version] 检查通过，已更新 update_time，保留 create_time=2026-03-28T17:47:58Z
[2026-04-05 18:11:13]    [OK] 文件名网段检查通过: 172.21.85.64/27
[2026-04-05 18:11:13]    [OK] 校验完成: 通过
[2026-04-05 18:11:13]    [RESULT] 成功
[2026-04-05 18:11:13]  
[2026-04-05 18:11:13]  文件: /opt/dn42/geo-ip-dn42/dn42-geoip/data/ipv4/172.21.86.192_27.toml
[2026-04-05 18:11:13]    [OK] [Version] 检查通过，已更新 update_time，保留 create_time=2026-03-28T17:47:58Z
[2026-04-05 18:11:13]    [OK] 文件名网段检查通过: 172.21.86.192/27
[2026-04-05 18:11:13]    [OK] 校验完成: 通过
[2026-04-05 18:11:13]    [RESULT] 成功
[2026-04-05 18:11:13]  
[2026-04-05 18:11:13]  文件: /opt/dn42/geo-ip-dn42/dn42-geoip/data/ipv4/172.21.99.80_29.toml
[2026-04-05 18:11:13]    [OK] [Version] 检查通过，已更新 update_time，保留 create_time=2026-03-28T17:47:58Z
[2026-04-05 18:11:13]    [OK] 文件名网段检查通过: 172.21.99.80/29
[2026-04-05 18:11:13]    [OK] 校验完成: 通过
[2026-04-05 18:11:13]    [RESULT] 成功
[2026-04-05 18:11:13]  
[2026-04-05 18:11:13]  文件: /opt/dn42/geo-ip-dn42/dn42-geoip/data/ipv4/172.21.99.88_29.toml
[2026-04-05 18:11:13]    [OK] [Version] 检查通过，已更新 update_time，保留 create_time=2026-03-28T17:47:58Z
[2026-04-05 18:11:13]    [OK] 文件名网段检查通过: 172.21.99.88/29
[2026-04-05 18:11:13]    [OK] 校验完成: 通过
[2026-04-05 18:11:13]    [RESULT] 成功
[2026-04-05 18:11:13]  
[2026-04-05 18:11:13]  文件: /opt/dn42/geo-ip-dn42/dn42-geoip/data/ipv4/172.22.105.0_28.toml
[2026-04-05 18:11:13]    [OK] [Version] 检查通过，已更新 update_time，保留 create_time=2026-03-28T17:47:58Z
[2026-04-05 18:11:13]    [OK] 文件名网段检查通过: 172.22.105.0/28
[2026-04-05 18:11:13]    [OK] 校验完成: 通过
[2026-04-05 18:11:13]    [RESULT] 成功
[2026-04-05 18:11:13]  
[2026-04-05 18:11:13]  文件: /opt/dn42/geo-ip-dn42/dn42-geoip/data/ipv4/172.22.122.128_27.toml
[2026-04-05 18:11:13]    [OK] [Version] 检查通过，已更新 update_time，保留 create_time=2026-03-28T17:47:58Z
[2026-04-05 18:11:13]    [OK] 文件名网段检查通过: 172.22.122.128/27
[2026-04-05 18:11:13]    [OK] 校验完成: 通过
[2026-04-05 18:11:13]    [RESULT] 成功
[2026-04-05 18:11:13]  
[2026-04-05 18:11:13]  文件: /opt/dn42/geo-ip-dn42/dn42-geoip/data/ipv4/172.22.123.0_27.toml
[2026-04-05 18:11:13]    [OK] [Version] 检查通过，已更新 update_time，保留 create_time=2026-03-28T17:47:58Z
[2026-04-05 18:11:13]    [OK] 文件名网段检查通过: 172.22.123.0/27
[2026-04-05 18:11:13]    [OK] 校验完成: 通过
[2026-04-05 18:11:13]    [RESULT] 成功
[2026-04-05 18:11:13]  
[2026-04-05 18:11:13]  文件: /opt/dn42/geo-ip-dn42/dn42-geoip/data/ipv4/172.22.124.64_27.toml
[2026-04-05 18:11:13]    [OK] [Version] 检查通过，已更新 update_time，保留 create_time=2026-03-28T17:47:58Z
[2026-04-05 18:11:13]    [OK] 文件名网段检查通过: 172.22.124.64/27
[2026-04-05 18:11:13]    [OK] 校验完成: 通过
[2026-04-05 18:11:13]    [RESULT] 成功
[2026-04-05 18:11:13]  
[2026-04-05 18:11:13]  文件: /opt/dn42/geo-ip-dn42/dn42-geoip/data/ipv4/172.22.130.160_27.toml
[2026-04-05 18:11:13]    [OK] [Version] 检查通过，已更新 update_time，保留 create_time=2026-03-28T17:47:58Z
[2026-04-05 18:11:13]    [OK] 文件名网段检查通过: 172.22.130.160/27
[2026-04-05 18:11:13]    [OK] 校验完成: 通过
[2026-04-05 18:11:13]    [RESULT] 成功
[2026-04-05 18:11:13]  
[2026-04-05 18:11:13]  文件: /opt/dn42/geo-ip-dn42/dn42-geoip/data/ipv4/172.22.137.96_27.toml
[2026-04-05 18:11:13]    [OK] [Version] 检查通过，已更新 update_time，保留 create_time=2026-03-28T17:47:58Z
[2026-04-05 18:11:13]    [OK] 文件名网段检查通过: 172.22.137.96/27
[2026-04-05 18:11:13]    [OK] 校验完成: 通过
[2026-04-05 18:11:13]    [RESULT] 成功
[2026-04-05 18:11:13]  
[2026-04-05 18:11:13]  文件: /opt/dn42/geo-ip-dn42/dn42-geoip/data/ipv4/172.22.142.128_26.toml
[2026-04-05 18:11:13]    [OK] [Version] 检查通过，已更新 update_time，保留 create_time=2026-03-28T17:47:58Z
[2026-04-05 18:11:13]    [OK] 文件名网段检查通过: 172.22.142.128/26
[2026-04-05 18:11:13]    [OK] 校验完成: 通过
[2026-04-05 18:11:13]    [RESULT] 成功
[2026-04-05 18:11:13]  
[2026-04-05 18:11:13]  文件: /opt/dn42/geo-ip-dn42/dn42-geoip/data/ipv4/172.22.144.64_27.toml
[2026-04-05 18:11:13]    [OK] [Version] 检查通过，已更新 update_time，保留 create_time=2026-03-28T17:47:58Z
[2026-04-05 18:11:13]    [OK] 文件名网段检查通过: 172.22.144.64/27
[2026-04-05 18:11:13]    [ERR] [[GeoData]]#1 (172.22.144.64/32) city/region/country 组合无法匹配同一 geoname_id。未找到可建议候选。
[2026-04-05 18:11:13]    [ERR] [[GeoData]]#7 (172.22.144.80/28) city/region/country 组合无法匹配同一 geoname_id。未找到可建议候选。
[2026-04-05 18:11:13]    [RESULT] 失败
[2026-04-05 18:11:13]  
[2026-04-05 18:11:13]  文件: /opt/dn42/geo-ip-dn42/dn42-geoip/data/ipv4/172.22.159.64_26.toml
[2026-04-05 18:11:13]    [OK] [Version] 检查通过，已更新 update_time，保留 create_time=2026-03-28T17:47:58Z
[2026-04-05 18:11:13]    [OK] 文件名网段检查通过: 172.22.159.64/26
[2026-04-05 18:11:13]    [OK] 校验完成: 通过
[2026-04-05 18:11:13]    [RESULT] 成功
[2026-04-05 18:11:13]  
[2026-04-05 18:11:13]  文件: /opt/dn42/geo-ip-dn42/dn42-geoip/data/ipv4/172.22.76.184_29.toml
[2026-04-05 18:11:13]    [OK] [Version] 检查通过，已更新 update_time，保留 create_time=2026-03-28T17:47:58Z
[2026-04-05 18:11:13]    [OK] 文件名网段检查通过: 172.22.76.184/29
[2026-04-05 18:11:13]    [OK] 校验完成: 通过
[2026-04-05 18:11:13]    [RESULT] 成功
[2026-04-05 18:11:13]  
[2026-04-05 18:11:13]  文件: /opt/dn42/geo-ip-dn42/dn42-geoip/data/ipv4/172.22.76.96_27.toml
[2026-04-05 18:11:13]    [OK] [Version] 检查通过，已更新 update_time，保留 create_time=2026-03-28T17:47:58Z
[2026-04-05 18:11:13]    [OK] 文件名网段检查通过: 172.22.76.96/27
[2026-04-05 18:11:13]    [ERR] 缺少 [[GeoData]] 数组
[2026-04-05 18:11:13]    [RESULT] 失败
[2026-04-05 18:11:13]  
[2026-04-05 18:11:13]  文件: /opt/dn42/geo-ip-dn42/dn42-geoip/data/ipv4/172.22.79.192_27.toml
[2026-04-05 18:11:13]    [OK] [Version] 检查通过，已更新 update_time，保留 create_time=2026-03-28T17:47:58Z
[2026-04-05 18:11:13]    [OK] 文件名网段检查通过: 172.22.79.192/27
[2026-04-05 18:11:13]    [ERR] 缺少 [[GeoData]] 数组
[2026-04-05 18:11:13]    [RESULT] 失败
[2026-04-05 18:11:13]  
[2026-04-05 18:11:13]  文件: /opt/dn42/geo-ip-dn42/dn42-geoip/data/ipv4/172.23.111.0_26.toml
[2026-04-05 18:11:13]    [OK] [Version] 检查通过，已更新 update_time，保留 create_time=2026-03-28T17:47:58Z
[2026-04-05 18:11:13]    [OK] 文件名网段检查通过: 172.23.111.0/26
[2026-04-05 18:11:13]    [OK] 校验完成: 通过
[2026-04-05 18:11:13]    [RESULT] 成功
[2026-04-05 18:11:13]  
[2026-04-05 18:11:13]  文件: /opt/dn42/geo-ip-dn42/dn42-geoip/data/ipv4/172.23.173.184_29.toml
[2026-04-05 18:11:13]    [OK] [Version] 检查通过，已更新 update_time，保留 create_time=2026-03-28T17:47:58Z
[2026-04-05 18:11:13]    [OK] 文件名网段检查通过: 172.23.173.184/29
[2026-04-05 18:11:13]    [ERR] 缺少 [[GeoData]] 数组
[2026-04-05 18:11:13]    [RESULT] 失败
[2026-04-05 18:11:13]  
[2026-04-05 18:11:13]  文件: /opt/dn42/geo-ip-dn42/dn42-geoip/data/ipv4/172.23.38.0_26.toml
[2026-04-05 18:11:13]    [OK] [Version] 检查通过，已更新 update_time，保留 create_time=2026-03-28T17:47:58Z
[2026-04-05 18:11:13]    [OK] 文件名网段检查通过: 172.23.38.0/26
[2026-04-05 18:11:13]    [ERR] 缺少 [[GeoData]] 数组
[2026-04-05 18:11:13]    [RESULT] 失败
[2026-04-05 18:11:13]  
[2026-04-05 18:11:13]  文件: /opt/dn42/geo-ip-dn42/dn42-geoip/data/ipv6/fd10:127:face::_48.toml
[2026-04-05 18:11:13]    [OK] [Version] 检查通过，已更新 update_time，保留 create_time=2026-03-28T17:48:07Z
[2026-04-05 18:11:13]    [OK] 文件名网段检查通过: fd10:127:face::/48
[2026-04-05 18:11:13]    [OK] 校验完成: 通过
[2026-04-05 18:11:13]    [RESULT] 成功
[2026-04-05 18:11:13]  
[2026-04-05 18:11:13]  文件: /opt/dn42/geo-ip-dn42/dn42-geoip/data/ipv6/fd18:3e15:61d0::_48.toml
[2026-04-05 18:11:13]    [OK] [Version] 检查通过，已更新 update_time，保留 create_time=2026-03-28T17:48:07Z
[2026-04-05 18:11:13]    [OK] 文件名网段检查通过: fd18:3e15:61d0::/48
[2026-04-05 18:11:13]    [OK] 校验完成: 通过
[2026-04-05 18:11:13]    [RESULT] 成功
[2026-04-05 18:11:13]  
[2026-04-05 18:11:13]  文件: /opt/dn42/geo-ip-dn42/dn42-geoip/data/ipv6/fd28:cb8f:4c92::_48.toml
[2026-04-05 18:11:13]    [OK] [Version] 检查通过，已更新 update_time，保留 create_time=2026-03-28T17:48:07Z
[2026-04-05 18:11:13]    [OK] 文件名网段检查通过: fd28:cb8f:4c92::/48
[2026-04-05 18:11:13]    [OK] 校验完成: 通过
[2026-04-05 18:11:13]    [RESULT] 成功
[2026-04-05 18:11:13]  
[2026-04-05 18:11:13]  文件: /opt/dn42/geo-ip-dn42/dn42-geoip/data/ipv6/fd36:62be:ef51::_48.toml
[2026-04-05 18:11:13]    [OK] [Version] 检查通过，已更新 update_time，保留 create_time=2026-03-28T17:48:07Z
[2026-04-05 18:11:13]    [OK] 文件名网段检查通过: fd36:62be:ef51::/48
[2026-04-05 18:11:13]    [ERR] [[GeoData]]#1 (fd36:62be:ef51::/64) city/region/country 组合无法匹配同一 geoname_id。未找到可建议候选。
[2026-04-05 18:11:13]    [ERR] [[GeoData]]#7 (fd36:62be:ef51:31ad::/64) city/region/country 组合无法匹配同一 geoname_id。未找到可建议候选。
[2026-04-05 18:11:13]    [RESULT] 失败
[2026-04-05 18:11:13]  
[2026-04-05 18:11:13]  文件: /opt/dn42/geo-ip-dn42/dn42-geoip/data/ipv6/fd3c:e5ef:cea6::_48.toml
[2026-04-05 18:11:13]    [OK] [Version] 检查通过，已更新 update_time，保留 create_time=2026-03-28T17:48:07Z
[2026-04-05 18:11:13]    [OK] 文件名网段检查通过: fd3c:e5ef:cea6::/48
[2026-04-05 18:11:13]    [ERR] 缺少 [[GeoData]] 数组
[2026-04-05 18:11:13]    [RESULT] 失败
[2026-04-05 18:11:13]  
[2026-04-05 18:11:13]  文件: /opt/dn42/geo-ip-dn42/dn42-geoip/data/ipv6/fd42:4246:1e7f::_48.toml
[2026-04-05 18:11:13]    [OK] [Version] 检查通过，已更新 update_time，保留 create_time=2026-03-28T17:48:07Z
[2026-04-05 18:11:13]    [OK] 文件名网段检查通过: fd42:4246:1e7f::/48
[2026-04-05 18:11:13]    [OK] 校验完成: 通过
[2026-04-05 18:11:13]    [RESULT] 成功
[2026-04-05 18:11:13]  
[2026-04-05 18:11:13]  文件: /opt/dn42/geo-ip-dn42/dn42-geoip/data/ipv6/fd59:8:952d::_48.toml
[2026-04-05 18:11:13]    [OK] [Version] 检查通过，已更新 update_time，保留 create_time=2026-03-28T17:48:07Z
[2026-04-05 18:11:13]    [OK] 文件名网段检查通过: fd59:8:952d::/48
[2026-04-05 18:11:13]    [ERR] 缺少 [[GeoData]] 数组
[2026-04-05 18:11:13]    [RESULT] 失败
[2026-04-05 18:11:13]  
[2026-04-05 18:11:13]  文件: /opt/dn42/geo-ip-dn42/dn42-geoip/data/ipv6/fd6c:243b:40fb::_48.toml
[2026-04-05 18:11:13]    [OK] [Version] 检查通过，已更新 update_time，保留 create_time=2026-03-28T17:48:07Z
[2026-04-05 18:11:13]    [OK] 文件名网段检查通过: fd6c:243b:40fb::/48
[2026-04-05 18:11:13]    [ERR] 缺少 [[GeoData]] 数组
[2026-04-05 18:11:13]    [RESULT] 失败
[2026-04-05 18:11:13]  
[2026-04-05 18:11:13]  文件: /opt/dn42/geo-ip-dn42/dn42-geoip/data/ipv6/fd6f:e34d:80de::_48.toml
[2026-04-05 18:11:13]    [OK] [Version] 检查通过，已更新 update_time，保留 create_time=2026-03-28T17:48:07Z
[2026-04-05 18:11:13]    [OK] 文件名网段检查通过: fd6f:e34d:80de::/48
[2026-04-05 18:11:13]    [OK] 校验完成: 通过
[2026-04-05 18:11:13]    [RESULT] 成功
[2026-04-05 18:11:13]  
[2026-04-05 18:11:13]  文件: /opt/dn42/geo-ip-dn42/dn42-geoip/data/ipv6/fd7d:3858:42d::_48.toml
[2026-04-05 18:11:13]    [OK] [Version] 检查通过，已更新 update_time，保留 create_time=2026-03-28T17:48:07Z
[2026-04-05 18:11:13]    [OK] 文件名网段检查通过: fd7d:3858:42d::/48
[2026-04-05 18:11:13]    [OK] 校验完成: 通过
[2026-04-05 18:11:13]    [RESULT] 成功
[2026-04-05 18:11:13]  
[2026-04-05 18:11:13]  文件: /opt/dn42/geo-ip-dn42/dn42-geoip/data/ipv6/fd8b:dc6c:8653::_48.toml
[2026-04-05 18:11:13]    [OK] [Version] 检查通过，已更新 update_time，保留 create_time=2026-03-28T17:48:07Z
[2026-04-05 18:11:13]    [OK] 文件名网段检查通过: fd8b:dc6c:8653::/48
[2026-04-05 18:11:13]    [ERR] 缺少 [[GeoData]] 数组
[2026-04-05 18:11:13]    [RESULT] 失败
[2026-04-05 18:11:13]  
[2026-04-05 18:11:13]  文件: /opt/dn42/geo-ip-dn42/dn42-geoip/data/ipv6/fd96:c033:6deb::_48.toml
[2026-04-05 18:11:13]    [OK] [Version] 检查通过，已更新 update_time，保留 create_time=2026-03-28T17:48:07Z
[2026-04-05 18:11:13]    [OK] 文件名网段检查通过: fd96:c033:6deb::/48
[2026-04-05 18:11:13]    [OK] 校验完成: 通过
[2026-04-05 18:11:13]    [RESULT] 成功
[2026-04-05 18:11:13]  
[2026-04-05 18:11:13]  文件: /opt/dn42/geo-ip-dn42/dn42-geoip/data/ipv6/fd99:727:bad0::_48.toml
[2026-04-05 18:11:13]    [OK] [Version] 检查通过，已更新 update_time，保留 create_time=2026-03-28T17:48:07Z
[2026-04-05 18:11:13]    [OK] 文件名网段检查通过: fd99:727:bad0::/48
[2026-04-05 18:11:13]    [OK] 校验完成: 通过
[2026-04-05 18:11:13]    [RESULT] 成功
[2026-04-05 18:11:13]  
[2026-04-05 18:11:13]  文件: /opt/dn42/geo-ip-dn42/dn42-geoip/data/ipv6/fdb6:fc6a:e66c::_48.toml
[2026-04-05 18:11:13]    [OK] [Version] 检查通过，已更新 update_time，保留 create_time=2026-03-28T17:48:07Z
[2026-04-05 18:11:13]    [OK] 文件名网段检查通过: fdb6:fc6a:e66c::/48
[2026-04-05 18:11:13]    [OK] 校验完成: 通过
[2026-04-05 18:11:13]    [RESULT] 成功
[2026-04-05 18:11:13]  
[2026-04-05 18:11:13]  文件: /opt/dn42/geo-ip-dn42/dn42-geoip/data/ipv6/fdbc:f9dc:67ad::_48.toml
[2026-04-05 18:11:13]    [OK] [Version] 检查通过，已更新 update_time，保留 create_time=2026-03-28T17:48:07Z
[2026-04-05 18:11:13]    [OK] 文件名网段检查通过: fdbc:f9dc:67ad::/48
[2026-04-05 18:11:13]    [OK] 校验完成: 通过
[2026-04-05 18:11:13]    [RESULT] 成功
[2026-04-05 18:11:13]  
[2026-04-05 18:11:13]  文件: /opt/dn42/geo-ip-dn42/dn42-geoip/data/ipv6/fdc8:dc88:ee11::_48.toml
[2026-04-05 18:11:13]    [OK] [Version] 检查通过，已更新 update_time，保留 create_time=2026-03-28T17:48:07Z
[2026-04-05 18:11:13]    [OK] 文件名网段检查通过: fdc8:dc88:ee11::/48
[2026-04-05 18:11:13]    [OK] 校验完成: 通过
[2026-04-05 18:11:13]    [RESULT] 成功
[2026-04-05 18:11:13]  
[2026-04-05 18:11:13]  文件: /opt/dn42/geo-ip-dn42/dn42-geoip/data/ipv6/fdd0:f8f8:a076::_48.toml
[2026-04-05 18:11:13]    [OK] [Version] 检查通过，已更新 update_time，保留 create_time=2026-03-28T17:48:07Z
[2026-04-05 18:11:13]    [OK] 文件名网段检查通过: fdd0:f8f8:a076::/48
[2026-04-05 18:11:13]    [OK] 校验完成: 通过
[2026-04-05 18:11:13]    [RESULT] 成功
[2026-04-05 18:11:13]  
[2026-04-05 18:11:13]  文件: /opt/dn42/geo-ip-dn42/dn42-geoip/data/ipv6/fdda:8ca4:1556::_48.toml
[2026-04-05 18:11:13]    [OK] [Version] 检查通过，已更新 update_time，保留 create_time=2026-03-28T17:48:07Z
[2026-04-05 18:11:13]    [OK] 文件名网段检查通过: fdda:8ca4:1556::/48
[2026-04-05 18:11:13]    [OK] 校验完成: 通过
[2026-04-05 18:11:13]    [RESULT] 成功
[2026-04-05 18:11:13]  
[2026-04-05 18:11:13]  文件: /opt/dn42/geo-ip-dn42/dn42-geoip/data/ipv6/fddf:3681:e80::_48.toml
[2026-04-05 18:11:13]    [OK] [Version] 检查通过，已更新 update_time，保留 create_time=2026-03-28T17:48:07Z
[2026-04-05 18:11:13]    [OK] 文件名网段检查通过: fddf:3681:e80::/48
[2026-04-05 18:11:13]    [OK] 校验完成: 通过
[2026-04-05 18:11:13]    [RESULT] 成功
[2026-04-05 18:11:13]  
[2026-04-05 18:11:13]  文件: /opt/dn42/geo-ip-dn42/dn42-geoip/data/ipv6/fdea:a10b:3d3a::_48.toml
[2026-04-05 18:11:13]    [OK] [Version] 检查通过，已更新 update_time，保留 create_time=2026-03-28T17:48:07Z
[2026-04-05 18:11:13]    [OK] 文件名网段检查通过: fdea:a10b:3d3a::/48
[2026-04-05 18:11:13]    [OK] 校验完成: 通过
[2026-04-05 18:11:13]    [RESULT] 成功
[2026-04-05 18:11:13]  
[2026-04-05 18:11:13]  文件: /opt/dn42/geo-ip-dn42/dn42-geoip/data/ipv6/fdec:4f96:8be1::_48.toml
[2026-04-05 18:11:13]    [OK] [Version] 检查通过，已更新 update_time，保留 create_time=2026-03-28T17:48:07Z
[2026-04-05 18:11:13]    [OK] 文件名网段检查通过: fdec:4f96:8be1::/48
[2026-04-05 18:11:13]    [OK] 校验完成: 通过
[2026-04-05 18:11:13]    [RESULT] 成功
[2026-04-05 18:11:13]  
[2026-04-05 18:11:13]  文件: /opt/dn42/geo-ip-dn42/dn42-geoip/data/ipv6/fdee:9bff:b001::_48.toml
[2026-04-05 18:11:13]    [OK] [Version] 检查通过，已更新 update_time，保留 create_time=2026-03-28T17:48:07Z
[2026-04-05 18:11:13]    [OK] 文件名网段检查通过: fdee:9bff:b001::/48
[2026-04-05 18:11:13]    [OK] 校验完成: 通过
[2026-04-05 18:11:13]    [RESULT] 成功
[2026-04-05 18:11:13]  
[2026-04-05 18:11:13]  文件: /opt/dn42/geo-ip-dn42/dn42-geoip/data/ipv6/fdef:fa9b:62b::_48.toml
[2026-04-05 18:11:13]    [OK] [Version] 检查通过，已更新 update_time，保留 create_time=2026-03-28T17:48:07Z
[2026-04-05 18:11:13]    [OK] 文件名网段检查通过: fdef:fa9b:62b::/48
[2026-04-05 18:11:13]    [OK] 校验完成: 通过
[2026-04-05 18:11:13]    [RESULT] 成功
[2026-04-05 18:11:13]  
[2026-04-05 18:11:13]  文件: /opt/dn42/geo-ip-dn42/dn42-geoip/data/ipv6/fdf4:be86:71d9::_48.toml
[2026-04-05 18:11:13]    [OK] [Version] 检查通过，已更新 update_time，保留 create_time=2026-03-28T17:48:07Z
[2026-04-05 18:11:13]    [OK] 文件名网段检查通过: fdf4:be86:71d9::/48
[2026-04-05 18:11:13]    [OK] 校验完成: 通过
[2026-04-05 18:11:13]    [RESULT] 成功
[2026-04-05 18:11:13]  
[2026-04-05 18:11:13]  文件: /opt/dn42/geo-ip-dn42/dn42-geoip/data/ipv6/fdfa:7906:8262::_48.toml
[2026-04-05 18:11:13]    [OK] [Version] 检查通过，已更新 update_time，保留 create_time=2026-03-28T20:09:33Z
[2026-04-05 18:11:13]    [OK] 文件名网段检查通过: fdfa:7906:8262::/48
[2026-04-05 18:11:13]    [OK] 校验完成: 通过
[2026-04-05 18:11:13]    [RESULT] 成功
[2026-04-05 18:11:13]  
[2026-04-05 18:11:13]  文件: /opt/dn42/geo-ip-dn42/dn42-geoip/data/ipv6/fdfd:27b9:f174::_48.toml
[2026-04-05 18:11:13]    [OK] [Version] 检查通过，已更新 update_time，保留 create_time=2026-03-28T20:09:26Z
[2026-04-05 18:11:13]    [OK] 文件名网段检查通过: fdfd:27b9:f174::/48
[2026-04-05 18:11:13]    [OK] 校验完成: 通过
[2026-04-05 18:11:13]    [RESULT] 成功
[2026-04-05 18:11:13]  
[2026-04-05 18:11:13]  文件: /opt/dn42/geo-ip-dn42/dn42-geoip/data/ipv6/fdfe:8d0:7450::_48.toml
[2026-04-05 18:11:13]    [OK] [Version] 检查通过，已更新 update_time，保留 create_time=2026-03-28T17:48:07Z
[2026-04-05 18:11:13]    [OK] 文件名网段检查通过: fdfe:8d0:7450::/48
[2026-04-05 18:11:13]    [ERR] 缺少 [[GeoData]] 数组
[2026-04-05 18:11:13]    [RESULT] 失败
[2026-04-05 18:11:13]  
